C:\Users\adria>cd C:\Users\adria\OneDrive\Pulpit\Zestaw 6 - Adrian Żerebiec\cw6

C:\Users\adria\OneDrive\Pulpit\Zestaw 6 - Adrian Żerebiec\cw6>curl --include http://localhost:8000/submit?name=Jane%20Doe%20R%C3%B3%C5%BCa ; echo
HTTP/1.1 200 OK
X-Powered-By: Express
Content-Type: text/plain; charset=utf-8
Content-Length: 23
ETag: W/"17-kdz0dx7nTsdGkaVQqD1gUiHFcFM"
Date: Tue, 06 Jun 2023 19:41:40 GMT
Connection: keep-alive
Keep-Alive: timeout=5

Hello 'Jane Doe Róża'curl: (3) URL using bad/illegal format or missing URL
curl: (6) Could not resolve host: echo

C:\Users\adria\OneDrive\Pulpit\Zestaw 6 - Adrian Żerebiec\cw6>curl --include --header "Accept: application/json" http://localhost:8000/submit?name=Jane%20Doe%20R%C3%B3%C5%BCa ; echo
HTTP/1.1 200 OK
X-Powered-By: Express
Content-Type: application/json; charset=utf-8
Content-Length: 37
ETag: W/"25-XcP3SI7/xxIn9wyaZQzp2iYULT8"
Date: Tue, 06 Jun 2023 19:41:49 GMT
Connection: keep-alive
Keep-Alive: timeout=5

{"welcome":"Hello 'Jane Doe Róża'"}curl: (3) URL using bad/illegal format or missing URL
curl: (6) Could not resolve host: echo

C:\Users\adria\OneDrive\Pulpit\Zestaw 6 - Adrian Żerebiec\cw6>curl --include --header "Accept: application/xml"  http://localhost:8000/submit?name=Jane%20Doe%20R%C3%B3%C5%BCa ; echo
HTTP/1.1 200 OK
X-Powered-By: Express
Content-Type: application/xml; charset=utf-8
Content-Length: 51
ETag: W/"33-EkrZ5QNpBrQdYdYfryjKd4w8H9I"
Date: Tue, 06 Jun 2023 19:41:59 GMT
Connection: keep-alive
Keep-Alive: timeout=5

<welcome>Hello 'Jane Doe R&#xf3;&#x17c;a'</welcome>curl: (3) URL using bad/illegal format or missing URL
curl: (6) Could not resolve host: echo

C:\Users\adria\OneDrive\Pulpit\Zestaw 6 - Adrian Żerebiec\cw6>curl --include --request POST --data 'name=Jane%20Doe%20R%C3%B3%C5%BCa' http://localhost:8000/submit ; echo
HTTP/1.1 200 OK
X-Powered-By: Express
Content-Type: text/plain; charset=utf-8
Content-Length: 17
ETag: W/"11-/Bv3H3GiIaXI+gNubzzZiA+0p7s"
Date: Tue, 06 Jun 2023 19:42:07 GMT
Connection: keep-alive
Keep-Alive: timeout=5

Hello 'undefined'curl: (3) URL using bad/illegal format or missing URL
curl: (6) Could not resolve host: echo

C:\Users\adria\OneDrive\Pulpit\Zestaw 6 - Adrian Żerebiec\cw6>curl --include --request POST --header "Accept: application/json" --data 'name=Jane%20Doe%20R%C3%B3%C5%BCa' http://localhost:8000/submit ; echo
HTTP/1.1 200 OK
X-Powered-By: Express
Content-Type: application/json; charset=utf-8
Content-Length: 31
ETag: W/"1f-RJuEeF/VQFdpYKGdBRdCUnsD8CI"
Date: Tue, 06 Jun 2023 19:42:15 GMT
Connection: keep-alive
Keep-Alive: timeout=5

{"welcome":"Hello 'undefined'"}curl: (3) URL using bad/illegal format or missing URL
curl: (6) Could not resolve host: echo

C:\Users\adria\OneDrive\Pulpit\Zestaw 6 - Adrian Żerebiec\cw6>curl --include --request POST --header "Accept: application/xml"  --data 'name=Jane%20Doe%20R%C3%B3%C5%BCa' http://localhost:8000/submit ; echo
HTTP/1.1 200 OK
X-Powered-By: Express
Content-Type: application/xml; charset=utf-8
Content-Length: 27
ETag: W/"1b-S2lrUfcgkPfhDVGDLcOsdFtkpVs"
Date: Tue, 06 Jun 2023 19:42:23 GMT
Connection: keep-alive
Keep-Alive: timeout=5

<welcome>Hello ''</welcome>curl: (3) URL using bad/illegal format or missing URL
curl: (6) Could not resolve host: echo

C:\Users\adria\OneDrive\Pulpit\Zestaw 6 - Adrian Żerebiec\cw6>